------------------------------------------------------------
Timing Analyzer Summary
------------------------------------------------------------

Type  : Slow 1100mV 85C Model Setup 'inst3|video_PLL_inst|altpll_component|auto_generated|generic_pll1~PLL_OUTPUT_COUNTER|divclk'
Slack : -8.382
TNS   : -16.731

Type  : Slow 1100mV 85C Model Setup 'key[1]'
Slack : -2.518
TNS   : -55.017

Type  : Slow 1100mV 85C Model Hold 'key[1]'
Slack : 0.277
TNS   : 0.000

Type  : Slow 1100mV 85C Model Hold 'inst3|video_PLL_inst|altpll_component|auto_generated|generic_pll1~PLL_OUTPUT_COUNTER|divclk'
Slack : 0.426
TNS   : 0.000

Type  : Slow 1100mV 85C Model Minimum Pulse Width 'key[1]'
Slack : -0.394
TNS   : -18.763

Type  : Slow 1100mV 85C Model Minimum Pulse Width 'inst3|video_PLL_inst|altpll_component|auto_generated|generic_pll1~FRACTIONAL_PLL|vcoph[0]'
Slack : 1.666
TNS   : 0.000

Type  : Slow 1100mV 85C Model Minimum Pulse Width 'clock_50'
Slack : 9.900
TNS   : 0.000

Type  : Slow 1100mV 85C Model Minimum Pulse Width 'inst3|video_PLL_inst|altpll_component|auto_generated|generic_pll1~PLL_OUTPUT_COUNTER|divclk'
Slack : 19.307
TNS   : 0.000

Type  : Slow 1100mV 0C Model Setup 'inst3|video_PLL_inst|altpll_component|auto_generated|generic_pll1~PLL_OUTPUT_COUNTER|divclk'
Slack : -8.120
TNS   : -16.203

Type  : Slow 1100mV 0C Model Setup 'key[1]'
Slack : -2.510
TNS   : -49.039

Type  : Slow 1100mV 0C Model Hold 'key[1]'
Slack : 0.318
TNS   : 0.000

Type  : Slow 1100mV 0C Model Hold 'inst3|video_PLL_inst|altpll_component|auto_generated|generic_pll1~PLL_OUTPUT_COUNTER|divclk'
Slack : 0.413
TNS   : 0.000

Type  : Slow 1100mV 0C Model Minimum Pulse Width 'key[1]'
Slack : -0.394
TNS   : -17.880

Type  : Slow 1100mV 0C Model Minimum Pulse Width 'inst3|video_PLL_inst|altpll_component|auto_generated|generic_pll1~FRACTIONAL_PLL|vcoph[0]'
Slack : 1.666
TNS   : 0.000

Type  : Slow 1100mV 0C Model Minimum Pulse Width 'clock_50'
Slack : 9.926
TNS   : 0.000

Type  : Slow 1100mV 0C Model Minimum Pulse Width 'inst3|video_PLL_inst|altpll_component|auto_generated|generic_pll1~PLL_OUTPUT_COUNTER|divclk'
Slack : 19.260
TNS   : 0.000

Type  : Fast 1100mV 85C Model Setup 'inst3|video_PLL_inst|altpll_component|auto_generated|generic_pll1~PLL_OUTPUT_COUNTER|divclk'
Slack : -4.824
TNS   : -9.647

Type  : Fast 1100mV 85C Model Setup 'key[1]'
Slack : -0.913
TNS   : -16.264

Type  : Fast 1100mV 85C Model Hold 'key[1]'
Slack : 0.156
TNS   : 0.000

Type  : Fast 1100mV 85C Model Hold 'inst3|video_PLL_inst|altpll_component|auto_generated|generic_pll1~PLL_OUTPUT_COUNTER|divclk'
Slack : 0.233
TNS   : 0.000

Type  : Fast 1100mV 85C Model Minimum Pulse Width 'key[1]'
Slack : -0.255
TNS   : -8.861

Type  : Fast 1100mV 85C Model Minimum Pulse Width 'inst3|video_PLL_inst|altpll_component|auto_generated|generic_pll1~FRACTIONAL_PLL|vcoph[0]'
Slack : 1.666
TNS   : 0.000

Type  : Fast 1100mV 85C Model Minimum Pulse Width 'clock_50'
Slack : 9.643
TNS   : 0.000

Type  : Fast 1100mV 85C Model Minimum Pulse Width 'inst3|video_PLL_inst|altpll_component|auto_generated|generic_pll1~PLL_OUTPUT_COUNTER|divclk'
Slack : 19.552
TNS   : 0.000

Type  : Fast 1100mV 0C Model Setup 'inst3|video_PLL_inst|altpll_component|auto_generated|generic_pll1~PLL_OUTPUT_COUNTER|divclk'
Slack : -4.630
TNS   : -9.259

Type  : Fast 1100mV 0C Model Setup 'key[1]'
Slack : -0.775
TNS   : -11.637

Type  : Fast 1100mV 0C Model Hold 'key[1]'
Slack : 0.166
TNS   : 0.000

Type  : Fast 1100mV 0C Model Hold 'inst3|video_PLL_inst|altpll_component|auto_generated|generic_pll1~PLL_OUTPUT_COUNTER|divclk'
Slack : 0.217
TNS   : 0.000

Type  : Fast 1100mV 0C Model Minimum Pulse Width 'key[1]'
Slack : -0.267
TNS   : -9.206

Type  : Fast 1100mV 0C Model Minimum Pulse Width 'inst3|video_PLL_inst|altpll_component|auto_generated|generic_pll1~FRACTIONAL_PLL|vcoph[0]'
Slack : 1.666
TNS   : 0.000

Type  : Fast 1100mV 0C Model Minimum Pulse Width 'clock_50'
Slack : 9.632
TNS   : 0.000

Type  : Fast 1100mV 0C Model Minimum Pulse Width 'inst3|video_PLL_inst|altpll_component|auto_generated|generic_pll1~PLL_OUTPUT_COUNTER|divclk'
Slack : 19.542
TNS   : 0.000

------------------------------------------------------------
